  Determining projects to restore...
  All projects are up-to-date for restore.
C:\Program Files\dotnet\sdk\10.0.102\Microsoft.Common.CurrentVersion.targets(5381,5): warning MSB3026: Could not copy "C:\Users\Milan Gagiya\Documents\PROJECT RESUME\TogetherBuy\server\obj\Debug\net10.0\apphost.exe" to "bin\Debug\net10.0\BuyTogether.Server.exe". Beginning retry 1 in 1000ms. The process cannot access the file 'C:\Users\Milan Gagiya\Documents\PROJECT RESUME\TogetherBuy\server\bin\Debug\net10.0\BuyTogether.Server.exe' because it is being used by another process. The file is locked by: "BuyTogether.Server (21232)" [C:\Users\Milan Gagiya\Documents\PROJECT RESUME\TogetherBuy\server\BuyTogether.Server.csproj]
C:\Program Files\dotnet\sdk\10.0.102\Microsoft.Common.CurrentVersion.targets(5381,5): warning MSB3026: Could not copy "C:\Users\Milan Gagiya\Documents\PROJECT RESUME\TogetherBuy\server\obj\Debug\net10.0\apphost.exe" to "bin\Debug\net10.0\BuyTogether.Server.exe". Beginning retry 2 in 1000ms. The process cannot access the file 'C:\Users\Milan Gagiya\Documents\PROJECT RESUME\TogetherBuy\server\bin\Debug\net10.0\BuyTogether.Server.exe' because it is being used by another process. The file is locked by: "BuyTogether.Server (21232)" [C:\Users\Milan Gagiya\Documents\PROJECT RESUME\TogetherBuy\server\BuyTogether.Server.csproj]
C:\Program Files\dotnet\sdk\10.0.102\Microsoft.Common.CurrentVersion.targets(5381,5): warning MSB3026: Could not copy "C:\Users\Milan Gagiya\Documents\PROJECT RESUME\TogetherBuy\server\obj\Debug\net10.0\apphost.exe" to "bin\Debug\net10.0\BuyTogether.Server.exe". Beginning retry 3 in 1000ms. The process cannot access the file 'C:\Users\Milan Gagiya\Documents\PROJECT RESUME\TogetherBuy\server\bin\Debug\net10.0\BuyTogether.Server.exe' because it is being used by another process. The file is locked by: "BuyTogether.Server (21232)" [C:\Users\Milan Gagiya\Documents\PROJECT RESUME\TogetherBuy\server\BuyTogether.Server.csproj]
C:\Program Files\dotnet\sdk\10.0.102\Microsoft.Common.CurrentVersion.targets(5381,5): warning MSB3026: Could not copy "C:\Users\Milan Gagiya\Documents\PROJECT RESUME\TogetherBuy\server\obj\Debug\net10.0\apphost.exe" to "bin\Debug\net10.0\BuyTogether.Server.exe". Beginning retry 4 in 1000ms. The process cannot access the file 'C:\Users\Milan Gagiya\Documents\PROJECT RESUME\TogetherBuy\server\bin\Debug\net10.0\BuyTogether.Server.exe' because it is being used by another process. The file is locked by: "BuyTogether.Server (21232)" [C:\Users\Milan Gagiya\Documents\PROJECT RESUME\TogetherBuy\server\BuyTogether.Server.csproj]
C:\Program Files\dotnet\sdk\10.0.102\Microsoft.Common.CurrentVersion.targets(5381,5): warning MSB3026: Could not copy "C:\Users\Milan Gagiya\Documents\PROJECT RESUME\TogetherBuy\server\obj\Debug\net10.0\apphost.exe" to "bin\Debug\net10.0\BuyTogether.Server.exe". Beginning retry 5 in 1000ms. The process cannot access the file 'C:\Users\Milan Gagiya\Documents\PROJECT RESUME\TogetherBuy\server\bin\Debug\net10.0\BuyTogether.Server.exe' because it is being used by another process. The file is locked by: "BuyTogether.Server (21232)" [C:\Users\Milan Gagiya\Documents\PROJECT RESUME\TogetherBuy\server\BuyTogether.Server.csproj]
C:\Program Files\dotnet\sdk\10.0.102\Microsoft.Common.CurrentVersion.targets(5381,5): warning MSB3026: Could not copy "C:\Users\Milan Gagiya\Documents\PROJECT RESUME\TogetherBuy\server\obj\Debug\net10.0\apphost.exe" to "bin\Debug\net10.0\BuyTogether.Server.exe". Beginning retry 6 in 1000ms. The process cannot access the file 'C:\Users\Milan Gagiya\Documents\PROJECT RESUME\TogetherBuy\server\bin\Debug\net10.0\BuyTogether.Server.exe' because it is being used by another process. The file is locked by: "BuyTogether.Server (21232)" [C:\Users\Milan Gagiya\Documents\PROJECT RESUME\TogetherBuy\server\BuyTogether.Server.csproj]
C:\Program Files\dotnet\sdk\10.0.102\Microsoft.Common.CurrentVersion.targets(5381,5): warning MSB3026: Could not copy "C:\Users\Milan Gagiya\Documents\PROJECT RESUME\TogetherBuy\server\obj\Debug\net10.0\apphost.exe" to "bin\Debug\net10.0\BuyTogether.Server.exe". Beginning retry 7 in 1000ms. The process cannot access the file 'C:\Users\Milan Gagiya\Documents\PROJECT RESUME\TogetherBuy\server\bin\Debug\net10.0\BuyTogether.Server.exe' because it is being used by another process. The file is locked by: "BuyTogether.Server (21232)" [C:\Users\Milan Gagiya\Documents\PROJECT RESUME\TogetherBuy\server\BuyTogether.Server.csproj]
C:\Program Files\dotnet\sdk\10.0.102\Microsoft.Common.CurrentVersion.targets(5381,5): warning MSB3026: Could not copy "C:\Users\Milan Gagiya\Documents\PROJECT RESUME\TogetherBuy\server\obj\Debug\net10.0\apphost.exe" to "bin\Debug\net10.0\BuyTogether.Server.exe". Beginning retry 8 in 1000ms. The process cannot access the file 'C:\Users\Milan Gagiya\Documents\PROJECT RESUME\TogetherBuy\server\bin\Debug\net10.0\BuyTogether.Server.exe' because it is being used by another process. The file is locked by: "BuyTogether.Server (21232)" [C:\Users\Milan Gagiya\Documents\PROJECT RESUME\TogetherBuy\server\BuyTogether.Server.csproj]
C:\Program Files\dotnet\sdk\10.0.102\Microsoft.Common.CurrentVersion.targets(5381,5): warning MSB3026: Could not copy "C:\Users\Milan Gagiya\Documents\PROJECT RESUME\TogetherBuy\server\obj\Debug\net10.0\apphost.exe" to "bin\Debug\net10.0\BuyTogether.Server.exe". Beginning retry 9 in 1000ms. The process cannot access the file 'C:\Users\Milan Gagiya\Documents\PROJECT RESUME\TogetherBuy\server\bin\Debug\net10.0\BuyTogether.Server.exe' because it is being used by another process. The file is locked by: "BuyTogether.Server (21232)" [C:\Users\Milan Gagiya\Documents\PROJECT RESUME\TogetherBuy\server\BuyTogether.Server.csproj]
C:\Program Files\dotnet\sdk\10.0.102\Microsoft.Common.CurrentVersion.targets(5381,5): warning MSB3026: Could not copy "C:\Users\Milan Gagiya\Documents\PROJECT RESUME\TogetherBuy\server\obj\Debug\net10.0\apphost.exe" to "bin\Debug\net10.0\BuyTogether.Server.exe". Beginning retry 10 in 1000ms. The process cannot access the file 'C:\Users\Milan Gagiya\Documents\PROJECT RESUME\TogetherBuy\server\bin\Debug\net10.0\BuyTogether.Server.exe' because it is being used by another process. The file is locked by: "BuyTogether.Server (21232)" [C:\Users\Milan Gagiya\Documents\PROJECT RESUME\TogetherBuy\server\BuyTogether.Server.csproj]
C:\Program Files\dotnet\sdk\10.0.102\Microsoft.Common.CurrentVersion.targets(5381,5): error MSB3027: Could not copy "C:\Users\Milan Gagiya\Documents\PROJECT RESUME\TogetherBuy\server\obj\Debug\net10.0\apphost.exe" to "bin\Debug\net10.0\BuyTogether.Server.exe". Exceeded retry count of 10. Failed. The file is locked by: "BuyTogether.Server (21232)" [C:\Users\Milan Gagiya\Documents\PROJECT RESUME\TogetherBuy\server\BuyTogether.Server.csproj]
C:\Program Files\dotnet\sdk\10.0.102\Microsoft.Common.CurrentVersion.targets(5381,5): error MSB3021: Unable to copy file "C:\Users\Milan Gagiya\Documents\PROJECT RESUME\TogetherBuy\server\obj\Debug\net10.0\apphost.exe" to "bin\Debug\net10.0\BuyTogether.Server.exe". The process cannot access the file 'C:\Users\Milan Gagiya\Documents\PROJECT RESUME\TogetherBuy\server\bin\Debug\net10.0\BuyTogether.Server.exe' because it is being used by another process. [C:\Users\Milan Gagiya\Documents\PROJECT RESUME\TogetherBuy\server\BuyTogether.Server.csproj]

Build FAILED.

C:\Program Files\dotnet\sdk\10.0.102\Microsoft.Common.CurrentVersion.targets(5381,5): warning MSB3026: Could not copy "C:\Users\Milan Gagiya\Documents\PROJECT RESUME\TogetherBuy\server\obj\Debug\net10.0\apphost.exe" to "bin\Debug\net10.0\BuyTogether.Server.exe". Beginning retry 1 in 1000ms. The process cannot access the file 'C:\Users\Milan Gagiya\Documents\PROJECT RESUME\TogetherBuy\server\bin\Debug\net10.0\BuyTogether.Server.exe' because it is being used by another process. The file is locked by: "BuyTogether.Server (21232)" [C:\Users\Milan Gagiya\Documents\PROJECT RESUME\TogetherBuy\server\BuyTogether.Server.csproj]
C:\Program Files\dotnet\sdk\10.0.102\Microsoft.Common.CurrentVersion.targets(5381,5): warning MSB3026: Could not copy "C:\Users\Milan Gagiya\Documents\PROJECT RESUME\TogetherBuy\server\obj\Debug\net10.0\apphost.exe" to "bin\Debug\net10.0\BuyTogether.Server.exe". Beginning retry 2 in 1000ms. The process cannot access the file 'C:\Users\Milan Gagiya\Documents\PROJECT RESUME\TogetherBuy\server\bin\Debug\net10.0\BuyTogether.Server.exe' because it is being used by another process. The file is locked by: "BuyTogether.Server (21232)" [C:\Users\Milan Gagiya\Documents\PROJECT RESUME\TogetherBuy\server\BuyTogether.Server.csproj]
C:\Program Files\dotnet\sdk\10.0.102\Microsoft.Common.CurrentVersion.targets(5381,5): warning MSB3026: Could not copy "C:\Users\Milan Gagiya\Documents\PROJECT RESUME\TogetherBuy\server\obj\Debug\net10.0\apphost.exe" to "bin\Debug\net10.0\BuyTogether.Server.exe". Beginning retry 3 in 1000ms. The process cannot access the file 'C:\Users\Milan Gagiya\Documents\PROJECT RESUME\TogetherBuy\server\bin\Debug\net10.0\BuyTogether.Server.exe' because it is being used by another process. The file is locked by: "BuyTogether.Server (21232)" [C:\Users\Milan Gagiya\Documents\PROJECT RESUME\TogetherBuy\server\BuyTogether.Server.csproj]
C:\Program Files\dotnet\sdk\10.0.102\Microsoft.Common.CurrentVersion.targets(5381,5): warning MSB3026: Could not copy "C:\Users\Milan Gagiya\Documents\PROJECT RESUME\TogetherBuy\server\obj\Debug\net10.0\apphost.exe" to "bin\Debug\net10.0\BuyTogether.Server.exe". Beginning retry 4 in 1000ms. The process cannot access the file 'C:\Users\Milan Gagiya\Documents\PROJECT RESUME\TogetherBuy\server\bin\Debug\net10.0\BuyTogether.Server.exe' because it is being used by another process. The file is locked by: "BuyTogether.Server (21232)" [C:\Users\Milan Gagiya\Documents\PROJECT RESUME\TogetherBuy\server\BuyTogether.Server.csproj]
C:\Program Files\dotnet\sdk\10.0.102\Microsoft.Common.CurrentVersion.targets(5381,5): warning MSB3026: Could not copy "C:\Users\Milan Gagiya\Documents\PROJECT RESUME\TogetherBuy\server\obj\Debug\net10.0\apphost.exe" to "bin\Debug\net10.0\BuyTogether.Server.exe". Beginning retry 5 in 1000ms. The process cannot access the file 'C:\Users\Milan Gagiya\Documents\PROJECT RESUME\TogetherBuy\server\bin\Debug\net10.0\BuyTogether.Server.exe' because it is being used by another process. The file is locked by: "BuyTogether.Server (21232)" [C:\Users\Milan Gagiya\Documents\PROJECT RESUME\TogetherBuy\server\BuyTogether.Server.csproj]
C:\Program Files\dotnet\sdk\10.0.102\Microsoft.Common.CurrentVersion.targets(5381,5): warning MSB3026: Could not copy "C:\Users\Milan Gagiya\Documents\PROJECT RESUME\TogetherBuy\server\obj\Debug\net10.0\apphost.exe" to "bin\Debug\net10.0\BuyTogether.Server.exe". Beginning retry 6 in 1000ms. The process cannot access the file 'C:\Users\Milan Gagiya\Documents\PROJECT RESUME\TogetherBuy\server\bin\Debug\net10.0\BuyTogether.Server.exe' because it is being used by another process. The file is locked by: "BuyTogether.Server (21232)" [C:\Users\Milan Gagiya\Documents\PROJECT RESUME\TogetherBuy\server\BuyTogether.Server.csproj]
C:\Program Files\dotnet\sdk\10.0.102\Microsoft.Common.CurrentVersion.targets(5381,5): warning MSB3026: Could not copy "C:\Users\Milan Gagiya\Documents\PROJECT RESUME\TogetherBuy\server\obj\Debug\net10.0\apphost.exe" to "bin\Debug\net10.0\BuyTogether.Server.exe". Beginning retry 7 in 1000ms. The process cannot access the file 'C:\Users\Milan Gagiya\Documents\PROJECT RESUME\TogetherBuy\server\bin\Debug\net10.0\BuyTogether.Server.exe' because it is being used by another process. The file is locked by: "BuyTogether.Server (21232)" [C:\Users\Milan Gagiya\Documents\PROJECT RESUME\TogetherBuy\server\BuyTogether.Server.csproj]
C:\Program Files\dotnet\sdk\10.0.102\Microsoft.Common.CurrentVersion.targets(5381,5): warning MSB3026: Could not copy "C:\Users\Milan Gagiya\Documents\PROJECT RESUME\TogetherBuy\server\obj\Debug\net10.0\apphost.exe" to "bin\Debug\net10.0\BuyTogether.Server.exe". Beginning retry 8 in 1000ms. The process cannot access the file 'C:\Users\Milan Gagiya\Documents\PROJECT RESUME\TogetherBuy\server\bin\Debug\net10.0\BuyTogether.Server.exe' because it is being used by another process. The file is locked by: "BuyTogether.Server (21232)" [C:\Users\Milan Gagiya\Documents\PROJECT RESUME\TogetherBuy\server\BuyTogether.Server.csproj]
C:\Program Files\dotnet\sdk\10.0.102\Microsoft.Common.CurrentVersion.targets(5381,5): warning MSB3026: Could not copy "C:\Users\Milan Gagiya\Documents\PROJECT RESUME\TogetherBuy\server\obj\Debug\net10.0\apphost.exe" to "bin\Debug\net10.0\BuyTogether.Server.exe". Beginning retry 9 in 1000ms. The process cannot access the file 'C:\Users\Milan Gagiya\Documents\PROJECT RESUME\TogetherBuy\server\bin\Debug\net10.0\BuyTogether.Server.exe' because it is being used by another process. The file is locked by: "BuyTogether.Server (21232)" [C:\Users\Milan Gagiya\Documents\PROJECT RESUME\TogetherBuy\server\BuyTogether.Server.csproj]
C:\Program Files\dotnet\sdk\10.0.102\Microsoft.Common.CurrentVersion.targets(5381,5): warning MSB3026: Could not copy "C:\Users\Milan Gagiya\Documents\PROJECT RESUME\TogetherBuy\server\obj\Debug\net10.0\apphost.exe" to "bin\Debug\net10.0\BuyTogether.Server.exe". Beginning retry 10 in 1000ms. The process cannot access the file 'C:\Users\Milan Gagiya\Documents\PROJECT RESUME\TogetherBuy\server\bin\Debug\net10.0\BuyTogether.Server.exe' because it is being used by another process. The file is locked by: "BuyTogether.Server (21232)" [C:\Users\Milan Gagiya\Documents\PROJECT RESUME\TogetherBuy\server\BuyTogether.Server.csproj]
C:\Program Files\dotnet\sdk\10.0.102\Microsoft.Common.CurrentVersion.targets(5381,5): error MSB3027: Could not copy "C:\Users\Milan Gagiya\Documents\PROJECT RESUME\TogetherBuy\server\obj\Debug\net10.0\apphost.exe" to "bin\Debug\net10.0\BuyTogether.Server.exe". Exceeded retry count of 10. Failed. The file is locked by: "BuyTogether.Server (21232)" [C:\Users\Milan Gagiya\Documents\PROJECT RESUME\TogetherBuy\server\BuyTogether.Server.csproj]
C:\Program Files\dotnet\sdk\10.0.102\Microsoft.Common.CurrentVersion.targets(5381,5): error MSB3021: Unable to copy file "C:\Users\Milan Gagiya\Documents\PROJECT RESUME\TogetherBuy\server\obj\Debug\net10.0\apphost.exe" to "bin\Debug\net10.0\BuyTogether.Server.exe". The process cannot access the file 'C:\Users\Milan Gagiya\Documents\PROJECT RESUME\TogetherBuy\server\bin\Debug\net10.0\BuyTogether.Server.exe' because it is being used by another process. [C:\Users\Milan Gagiya\Documents\PROJECT RESUME\TogetherBuy\server\BuyTogether.Server.csproj]
    10 Warning(s)
    2 Error(s)

Time Elapsed 00:00:13.31
